EVA_2_INTENDIDAD_REFERENCIAL
MySQL Shell 8.0.37

Copyright (c) 2016, 2024, Oracle and/or its affiliates.
Oracle is a registered trademark of Oracle Corporation and/or its affiliates.
Other names may be trademarks of their respective owners.

Type '\help' or '\?' for help; '\quit' to exit.
 MySQL  JS > \sql
Switching to SQL mode... Commands end with ;
 MySQL  SQL > \connect --mc root@localhost
Creating a Classic session to 'root@localhost'
Fetching global names for auto-completion... Press ^C to stop.
Your MySQL connection id is 10
Server version: 8.0.37 MySQL Community Server - GPL
No default schema selected; type \use <schema> to set one.
 MySQL  localhost:3306 ssl  SQL > use tbd_e2
Default schema set to `tbd_e2`.
Fetching global names, object names from `tbd_e2` for auto-completion... Press ^C to stop.
 MySQL  localhost:3306 ssl  tbd_e2  SQL > show tables;
+------------------+
| Tables_in_tbd_e2 |
+------------------+
| cliente          |
| factura          |
+------------------+
2 rows in set (0.0013 sec)
 MySQL  localhost:3306 ssl  tbd_e2  SQL > desc cliente;
+----------+-------------+------+-----+---------+----------------+
| Field    | Type        | Null | Key | Default | Extra          |
+----------+-------------+------+-----+---------+----------------+
| id       | int         | NO   | PRI | NULL    | auto_increment |
| nombre   | varchar(50) | NO   |     | NULL    |                |
| apellido | varchar(50) | YES  |     | NULL    |                |
| rfc      | varchar(13) | NO   |     | NULL    |                |
+----------+-------------+------+-----+---------+----------------+
4 rows in set (0.0084 sec)
 MySQL  localhost:3306 ssl  tbd_e2  SQL > desc factura;
+-----------+------+------+-----+---------+----------------+
| Field     | Type | Null | Key | Default | Extra          |
+-----------+------+------+-----+---------+----------------+
| folio     | int  | NO   | PRI | NULL    | auto_increment |
| idCliente | int  | NO   | MUL | NULL    |                |
+-----------+------+------+-----+---------+----------------+
2 rows in set (0.0016 sec)
 MySQL  localhost:3306 ssl  tbd_e2  SQL > select *from factura;
+-------+-----------+
| folio | idCliente |
+-------+-----------+
|     3 |         2 |
|     4 |         5 |
+-------+-----------+
2 rows in set (0.0045 sec)
 MySQL  localhost:3306 ssl  tbd_e2  SQL > select * from clientes;
ERROR: 1146 (42S02): Table 'tbd_e2.clientes' doesn't exist
 MySQL  localhost:3306 ssl  tbd_e2  SQL > select * from cliente;
+----+--------+----------+---------------+
| id | nombre | apellido | rfc           |
+----+^C------+----------+---------------+add constraint foreing key(idCliente
 MySQL  localhost:3306 ssl  tbd_e2  SQL > ^Cd constraint foreing key(idCliente
 MySQL  localhost:3306 ssl  tbd_e2  SQL > ^Cd constraint foreing key(idClient
 MySQL  localhost:3306 ssl  tbd_e2  SQL > ^Cd constraint foreing key(idClien
 MySQL  localhost:3306 ssl  tbd_e2  SQL > ^Cd constraint foreing key(idClie
 MySQL  localhost:3306 ssl  tbd_e2  SQL > ^Cd constraint foreing key(idCli
 MySQL  localhost:3306 ssl  tbd_e2  SQL > ^Cd constraint foreing key(idCl
 MySQL  localhost:3306 ssl  tbd_e2  SQL > ^C
 MySQL  localhost:3306 ssl  tbd_e2  SQL > alter table factura
                                       -> add constraint foreign key(idCliente)
                                       -> references cliente(id)
                                       -> ;
ERROR: 1452 (23000): Cannot add or update a child row: a foreign key constraint fails (`tbd_e2`.`#sql-1aa4_a`, CONSTRAINT `factura_ibfk_1` FOREIGN KEY (`idCliente`) REFERENCES `cliente` (`id`))
 MySQL  localhost:3306 ssl  tbd_e2  SQL > select * from factura;
+-------+-----------+
| folio | idCliente |
+-------+-----------+
|     3 |         2 |
|     4 |         5 |
+-------+-----------+
2 rows in set (0.0007 sec)
 MySQL  localhost:3306 ssl  tbd_e2  SQL > delete from factura
                                       -> where idCliente=5;
Query OK, 1 row affected (0.0106 sec)
 MySQL  localhost:3306 ssl  tbd_e2  SQL > select * from factura;
+-------+-----------+
| folio | idCliente |
+-------+-----------+
|     3 |         2 |
+-------+-----------+
1 row in set (0.0006 sec)
 MySQL  localhost:3306 ssl  tbd_e2  SQL > alter table factura add constraint foreign key(idCliente) references cliente(id) ;
Query OK, 1 row affected (0.0878 sec)

Records: 1  Duplicates: 0  Warnings: 0
 MySQL  localhost:3306 ssl  tbd_e2  SQL > show create table factura;
+---------+-------------------------------------------------------------------------------------------------------------------------------------------------------------------------------------------------------------------------------------------------------------------------------------------------------------------------------+
| Table   | Create Table

                                  |
+---------+-------------------------------------------------------------------------------------------------------------------------------------------------------------------------------------------------------------------------------------------------------------------------------------------------------------------------------+
| factura | CREATE TABLE `factura` (
  `folio` int NOT NULL AUTO_INCREMENT,
  `idCliente` int NOT NULL,
  PRIMARY KEY (`folio`),
  KEY `idCliente` (`idCliente`),
  CONSTRAINT `factura_ibfk_1` FOREIGN KEY (`idCliente`) REFERENCES `cliente` (`id`)
) ENGINE=InnoDB AUTO_INCREMENT=5 DEFAULT CHARSET=utf8mb4 COLLATE=utf8mb4_0900_ai_ci |
+---------+-------------------------------------------------------------------------------------------------------------------------------------------------------------------------------------------------------------------------------------------------------------------------------------------------------------------------------+
1 row in set (0.0012 sec)
 MySQL  localhost:3306 ssl  tbd_e2  SQL > alter table factura
                                       -> drop constraint factura_ibfk_1;
Query OK, 0 rows affected (0.0099 sec)

Records: 0  Duplicates: 0  Warnings: 0
 MySQL  localhost:3306 ssl  tbd_e2  SQL > show create table factura;
+---------+------------------------------------------------------------------------------------------------------------------------------------------------------------------------------------------------------------------------------------------+
| Table   | Create Table
                                                                                                 |
+---------+------------------------------------------------------------------------------------------------------------------------------------------------------------------------------------------------------------------------------------------+
| factura | CREATE TABLE `factura` (
  `folio` int NOT NULL AUTO_INCREMENT,
  `idCliente` int NOT NULL,
  PRIMARY KEY (`folio`),
  KEY `idCliente` (`idCliente`)
) ENGINE=InnoDB AUTO_INCREMENT=5 DEFAULT CHARSET=utf8mb4 COLLATE=utf8mb4_0900_ai_ci |
+---------+------------------------------------------------------------------------------------------------------------------------------------------------------------------------------------------------------------------------------------------+
1 row in set (0.0007 sec)
 MySQL  localhost:3306 ssl  tbd_e2  SQL > alter table factura add constraint foreign key(idCliente) references cliente(id)
                                       -> on delete restrict on update restrict;
Query OK, 1 row affected (0.0721 sec)

Records: 1  Duplicates: 0  Warnings: 0
 MySQL  localhost:3306 ssl  tbd_e2  SQL > show create table factura;
+---------+---------------------------------------------------------------------------------------------------------------------------------------------------------------------------------------------------------------------------------------------------------------------------------------------------------------------------------------------------------------------+
| Table   | Create Table

                                                                        |
+---------+---------------------------------------------------------------------------------------------------------------------------------------------------------------------------------------------------------------------------------------------------------------------------------------------------------------------------------------------------------------------+
| factura | CREATE TABLE `factura` (
  `folio` int NOT NULL AUTO_INCREMENT,
  `idCliente` int NOT NULL,
  PRIMARY KEY (`folio`),
  KEY `idCliente` (`idCliente`),
  CONSTRAINT `factura_ibfk_1` FOREIGN KEY (`idCliente`) REFERENCES `cliente` (`id`) ON DELETE RESTRICT ON UPDATE RESTRICT
) ENGINE=InnoDB AUTO_INCREMENT=5 DEFAULT CHARSET=utf8mb4 COLLATE=utf8mb4_0900_ai_ci |
+---------+---------------------------------------------------------------------------------------------------------------------------------------------------------------------------------------------------------------------------------------------------------------------------------------------------------------------------------------------------------------------+
1 row in set (0.0008 sec)
 MySQL  localhost:3306 ssl  tbd_e2  SQL > select * from factura;
+-------+-----------+
| folio | idCliente |
+-------+-----------+
|     3 |         2 |
+-------+-----------+
1 row in set (0.0007 sec)
 MySQL  localhost:3306 ssl  tbd_e2  SQL > select * from cliente;
+----+--------+----------+---------------+
| id | nombre | apellido | rfc           |
+----+--------+----------+---------------+
|  1 | Juan   | Perez    | PEXJ345612WQ  |
|  2 | DANI   | POLANCO  | YH34567QWDRT5 |
+----+--------+----------+---------------+
2 rows in set (0.0014 sec)
 MySQL  localhost:3306 ssl  tbd_e2  SQL > delete from cliente
                                       -> where id=2;
ERROR: 1451 (23000): Cannot delete or update a parent row: a foreign key constraint fails (`tbd_e2`.`factura`, CONSTRAINT `factura_ibfk_1` FOREIGN KEY (`idCliente`) REFERENCES `cliente` (`id`) ON DELETE RESTRICT ON UPDATE RESTRICT)
 MySQL  localhost:3306 ssl  tbd_e2  SQL > update cliente
                                       -> set
                                       -> id=5
                                       -> where id=2;
ERROR: 1451 (23000): Cannot delete or update a parent row: a foreign key constraint fails (`tbd_e2`.`factura`, CONSTRAINT `factura_ibfk_1` FOREIGN KEY (`idCliente`) REFERENCES `cliente` (`id`) ON DELETE RESTRICT ON UPDATE RESTRICT)
 MySQL  localhost:3306 ssl  tbd_e2  SQL > alter table factura
                                       -> drop constraint factura_ibfk_1;
Query OK, 0 rows affected (0.0134 sec)

Records: 0  Duplicates: 0  Warnings: 0
 MySQL  localhost:3306 ssl  tbd_e2  SQL > alter table factura
                                       -> add constraint foreing key(idCliente)
                                       -> references cliente (id)
                                       -> on delete cascade
                                       -> on update cascade;
ERROR: 1064 (42000): You have an error in your SQL syntax; check the manual that corresponds to your MySQL server version for the right syntax to use near 'key(idCliente)
references cliente (id)
on delete cascade
on update cascade' at line 2
 MySQL  localhost:3306 ssl  tbd_e2  SQL > alter table factura
                                       -> add constraint foreign key(idCliente)
                                       -> references cliente (id)
                                       -> on delete cascade
                                       -> on update cascade;
Query OK, 1 row affected (0.0715 sec)

Records: 1  Duplicates: 0  Warnings: 0
 MySQL  localhost:3306 ssl  tbd_e2  SQL > update cliente
                                       -> set
                                       -> id=6
                                       -> where id=1;
Query OK, 1 row affected (0.0066 sec)

Rows matched: 1  Changed: 1  Warnings: 0
 MySQL  localhost:3306 ssl  tbd_e2  SQL > select * from cliente;
+----+--------+----------+---------------+
| id | nombre | apellido | rfc           |
+----+--------+----------+---------------+
|  2 | DANI   | POLANCO  | YH34567QWDRT5 |
|  6 | Juan   | Perez    | PEXJ345612WQ  |
+----+--------+----------+---------------+
2 rows in set (0.0006 sec)
 MySQL  localhost:3306 ssl  tbd_e2  SQL > select * from factura;
+-------+-----------+
| folio | idCliente |
+-------+-----------+
|     3 |         2 |
+-------+-----------+
1 row in set (0.0005 sec)
 MySQL  localhost:3306 ssl  tbd_e2  SQL > update cliente
                                       -> set
                                       -> id=5
                                       -> where id=2;
Query OK, 1 row affected (0.0063 sec)

Rows matched: 1  Changed: 1  Warnings: 0
 MySQL  localhost:3306 ssl  tbd_e2  SQL > select * from cliente;
+----+--------+----------+---------------+
| id | nombre | apellido | rfc           |
+----+--------+----------+---------------+
|  5 | DANI   | POLANCO  | YH34567QWDRT5 |
|  6 | Juan   | Perez    | PEXJ345612WQ  |
+----+--------+----------+---------------+
2 rows in set (0.0006 sec)
 MySQL  localhost:3306 ssl  tbd_e2  SQL > select * from factura;
+-------+-----------+
| folio | idCliente |
+-------+-----------+
|     3 |         5 |
+-------+-----------+
1 row in set (0.0005 sec)
 MySQL  localhost:3306 ssl  tbd_e2  SQL > delete from cliente;
Query OK, 2 rows affected (0.0068 sec)
 MySQL  localhost:3306 ssl  tbd_e2  SQL > select * from cliente;
Empty set (0.0006 sec)
 MySQL  localhost:3306 ssl  tbd_e2  SQL > select * from factura;
Empty set (0.0006 sec)
 MySQL  localhost:3306 ssl  tbd_e2  SQL > show create table factura;
+---------+-------------------------------------------------------------------------------------------------------------------------------------------------------------------------------------------------------------------------------------------------------------------------------------------------------------------------------------------------------------------+
| Table   | Create Table

                                                                      |
+---------+-------------------------------------------------------------------------------------------------------------------------------------------------------------------------------------------------------------------------------------------------------------------------------------------------------------------------------------------------------------------+
| factura | CREATE TABLE `factura` (
  `folio` int NOT NULL AUTO_INCREMENT,
  `idCliente` int NOT NULL,
  PRIMARY KEY (`folio`),
  KEY `idCliente` (`idCliente`),
  CONSTRAINT `factura_ibfk_1` FOREIGN KEY (`idCliente`) REFERENCES `cliente` (`id`) ON DELETE CASCADE ON UPDATE CASCADE
) ENGINE=InnoDB AUTO_INCREMENT=5 DEFAULT CHARSET=utf8mb4 COLLATE=utf8mb4_0900_ai_ci |
+---------+-------------------------------------------------------------------------------------------------------------------------------------------------------------------------------------------------------------------------------------------------------------------------------------------------------------------------------------------------------------------+
1 row in set (0.0007 sec)
 MySQL  localhost:3306 ssl  tbd_e2  SQL > alter table factura
                                       -> drop constraint factura_ibfk_1;
Query OK, 0 rows affected (0.0117 sec)

Records: 0  Duplicates: 0  Warnings: 0
 MySQL  localhost:3306 ssl  tbd_e2  SQL > des cliente;
ERROR: 1064 (42000): You have an error in your SQL syntax; check the manual that corresponds to your MySQL server version for the right syntax to use near 'des cliente' at line 1
 MySQL  localhost:3306 ssl  tbd_e2  SQL > desc cliente;
+----------+-------------+------+-----+---------+----------------+
| Field    | Type        | Null | Key | Default | Extra          |
+----------+-------------+------+-----+---------+----------------+
| id       | int         | NO   | PRI | NULL    | auto_increment |
| nombre   | varchar(50) | NO   |     | NULL    |                |
| apellido | varchar(50) | YES  |     | NULL    |                |
| rfc      | varchar(13) | NO   |     | NULL    |                |
+----------+-------------+------+-----+---------+----------------+
4 rows in set (0.0023 sec)
 MySQL  localhost:3306 ssl  tbd_e2  SQL > insert into cliente(nombre, apellidos,rfc)
                                       -> values("Dani", "Polanco", "DPA1234rfg123"),
                                       -> ("Sofi", "Gonzalez", "SGD12WER435T1");
ERROR: 1054 (42S22): Unknown column 'apellidos' in 'field list'
 MySQL  localhost:3306 ssl  tbd_e2  SQL > insert into cliente(nombre, apellido,rfc) values("Dani", "Polanco", "DPA1234rfg123"), ("Sofi", "Gonzalez", "SGD12WER435T1");
Query OK, 2 rows affected (0.0049 sec)

Records: 2  Duplicates: 0  Warnings: 0
 MySQL  localhost:3306 ssl  tbd_e2  SQL > SELECT * FROM CLIENTES;
ERROR: 1146 (42S02): Table 'tbd_e2.clientes' doesn't exist
 MySQL  localhost:3306 ssl  tbd_e2  SQL > SELECT * FROM CLIENTE;
+----+--------+----------+---------------+
| id | nombre | apellido | rfc           |
+----+--------+----------+---------------+
|  7 | Dani   | Polanco  | DPA1234rfg123 |
|  8 | Sofi   | Gonzalez | SGD12WER435T1 |
+----+--------+----------+---------------+
2 rows in set (0.0006 sec)
 MySQL  localhost:3306 ssl  tbd_e2  SQL > insert into factura(idCliente)
                                       -> values(6),(6),(7),(7),(7),(7);
Query OK, 6 rows affected (0.0058 sec)

Records: 6  Duplicates: 0  Warnings: 0
 MySQL  localhost:3306 ssl  tbd_e2  SQL > select * from factura;
+-------+-----------+
| folio | idCliente |
+-------+-----------+
|     5 |         6 |
|     6 |         6 |
|     7 |         7 |
|     8 |         7 |
|     9 |         7 |
|    10 |         7 |
+-------+-----------+
6 rows in set (0.0006 sec)
 MySQL  localhost:3306 ssl  tbd_e2  SQL > desc factura;
+-----------+------+------+-----+---------+----------------+
| Field     | Type | Null | Key | Default | Extra          |
+-----------+------+------+-----+---------+----------------+
| folio     | int  | NO   | PRI | NULL    | auto_increment |
| idCliente | int  | NO   | MUL | NULL    |                |
+-----------+------+------+-----+---------+----------------+
2 rows in set (0.0017 sec)
 MySQL  localhost:3306 ssl  tbd_e2  SQL > alter table factura
                                       -> add constraint foreign key(idCliente)
                                       -> references cliente(id)
                                       -> on delete set null
                                       -> on update set null;
ERROR: 1830 (HY000): Column 'idCliente' cannot be NOT NULL: needed in a foreign key constraint 'factura_ibfk_1' SET NULL
 MySQL  localhost:3306 ssl  tbd_e2  SQL > alter table factura add constraint foreign key(idCliente) references cliente(id)
                                       -> on delete no action on update no action;
ERROR: 1452 (23000): Cannot add or update a child row: a foreign key constraint fails (`tbd_e2`.`#sql-1aa4_a`, CONSTRAINT `factura_ibfk_1` FOREIGN KEY (`idCliente`) REFERENCES `cliente` (`id`))
 MySQL  localhost:3306 ssl  tbd_e2  SQL > alter table factura add constraint foreign key(idCliente) references cliente(id) on delete no action on update no action;
ERROR: 1452 (23000): Cannot add or update a child row: a foreign key constraint fails (`tbd_e2`.`#sql-1aa4_a`, CONSTRAINT `factura_ibfk_1` FOREIGN KEY (`idCliente`) REFERENCES `cliente` (`id`))
 MySQL  localhost:3306 ssl  tbd_e2  SQL > alter table factura
                                       -> drop constraint factura_ibfk_1;
ERROR: 3940 (HY000): Constraint 'factura_ibfk_1' does not exist.
 MySQL  localhost:3306 ssl  tbd_e2  SQL > alter table factura add constraint foreign key(idCliente) references cliente (id) on delete cascade on update cascade;
ERROR: 1452 (23000): Cannot add or update a child row: a foreign key constraint fails (`tbd_e2`.`#sql-1aa4_a`, CONSTRAINT `factura_ibfk_1` FOREIGN KEY (`idCliente`) REFERENCES `cliente` (`id`) ON DELETE CASCADE ON UPDATE CASCADE)
 MySQL  localhost:3306 ssl  tbd_e2  SQL > show create table factura;
+---------+-------------------------------------------------------------------------------------------------------------------------------------------------------------------------------------------------------------------------------------------+
| Table   | Create Table
                                                                                                  |
+---------+-------------------------------------------------------------------------------------------------------------------------------------------------------------------------------------------------------------------------------------------+
| factura | CREATE TABLE `factura` (
  `folio` int NOT NULL AUTO_INCREMENT,
  `idCliente` int NOT NULL,
  PRIMARY KEY (`folio`),
  KEY `idCliente` (`idCliente`)
) ENGINE=InnoDB AUTO_INCREMENT=11 DEFAULT CHARSET=utf8mb4 COLLATE=utf8mb4_0900_ai_ci |
+---------+-------------------------------------------------------------------------------------------------------------------------------------------------------------------------------------------------------------------------------------------+
1 row in set (0.0008 sec)
 MySQL  localhost:3306 ssl  tbd_e2  SQL > alter table factura add constraint foreing key(idCliente) references cliente (id) on delete cascade on update cascade;
ERROR: 1064 (42000): You have an error in your SQL syntax; check the manual that corresponds to your MySQL server version for the right syntax to use near 'key(idCliente) references cliente (id) on delete cascade on update cascade' at line 1
 MySQL  localhost:3306 ssl  tbd_e2  SQL > alter table factura add constraint foreign key(idCliente) references cliente (id) on delete cascade on update cascade;
ERROR: 1452 (23000): Cannot add or update a child row: a foreign key constraint fails (`tbd_e2`.`#sql-1aa4_a`, CONSTRAINT `factura_ibfk_1` FOREIGN KEY (`idCliente`) REFERENCES `cliente` (`id`) ON DELETE CASCADE ON UPDATE CASCADE)
 MySQL  localhost:3306 ssl  tbd_e2  SQL >