EVA2_3_INTEGRIDAD_REFERENCIAL
MySQL Shell 8.0.37

Copyright (c) 2016, 2024, Oracle and/or its affiliates.
Oracle is a registered trademark of Oracle Corporation and/or its affiliates.
Other names may be trademarks of their respective owners.

Type '\help' or '\?' for help; '\quit' to exit.
 MySQL  JS > \sql
Switching to SQL mode... Commands end with ;
 MySQL  SQL > \connect --mc root@localhost
Creating a Classic session to 'root@localhost'
Fetching global names for auto-completion... Press ^C to stop.
Your MySQL connection id is 20
Server version: 8.0.37 MySQL Community Server - GPL
No default schema selected; type \use <schema> to set one.
 MySQL  localhost:3306 ssl  SQL > use tbd_e2;
Default schema set to `tbd_e2`.
Fetching global names, object names from `tbd_e2` for auto-completion... Press ^C to stop.
 MySQL  localhost:3306 ssl  tbd_e2  SQL > show create table factura;
+---------+---------------------------------------------------------------------------------------------------------------------------------------------------------------------------------------------------------------------------------------------------------------------------------------------------------------------------------------------------------------------------------------------------------------------------------------------------------+
| Table   | Create Table
                    |
+---------+---------------------------------------------------------------------------------------------------------------------------------------------------------------------------------------------------------------------------------------------------------------------------------------------------------------------------------------------------------------------------------------------------------------------------------------------------------+
| factura | CREATE TABLE `factura` (
  `folio` int NOT NULL AUTO_INCREMENT,
  `idCliente` int NOT NULL,
  PRIMARY KEY (`folio`),
  KEY `idCliente` (`idCliente`),
  CONSTRAINT `factura_ibfk_2` FOREIGN KEY (`idCliente`) REFERENCES `cliente` (`id`),
  CONSTRAINT `factura_ibfk_3` FOREIGN KEY (`idCliente`) REFERENCES `cliente` (`id`) ON DELETE CASCADE ON UPDATE CASCADE
) ENGINE=InnoDB AUTO_INCREMENT=13 DEFAULT CHARSET=utf8mb4 COLLATE=utf8mb4_0900_ai_ci |
+---------+---------------------------------------------------------------------------------------------------------------------------------------------------------------------------------------------------------------------------------------------------------------------------------------------------------------------------------------------------------------------------------------------------------------------------------------------------------+
1 row in set (0.0011 sec)
 MySQL  localhost:3306 ssl  tbd_e2  SQL >


                                          show create table factura;
+---------+--------------------------------------------------------------------------------------------------------------------------------------------------------------------------------------------------------------------------------------------------------------------------------------------------------------------------------------------------------------------+
| Table   | Create Table




       |
+---------+--------------------------------------------------------------------------------------------------------------------------------------------------------------------------------------------------------------------------------------------------------------------------------------------------------------------------------------------------------------------+
| factura | CREATE TABLE `factura` (
  `folio` int NOT NULL AUTO_INCREMENT,
  `idCliente` int NOT NULL,
  PRIMARY KEY (`folio`),
  KEY `idCliente` (`idCliente`),
  CONSTRAINT `factura_ibfk_3` FOREIGN KEY (`idCliente`) REFERENCES `cliente` (`id`) ON DELETE CASCADE ON UPDATE CASCADE
) ENGINE=InnoDB AUTO_INCREMENT=13 DEFAULT CHARSET=utf8mb4 COLLATE=utf8mb4_0900_ai_ci |
+---------+--------------------------------------------------------------------------------------------------------------------------------------------------------------------------------------------------------------------------------------------------------------------------------------------------------------------------------------------------------------------+
1 row in set (0.0012 sec)
 MySQL  localhost:3306 ssl  tbd_e2  SQL > cerate table factura_detalle
                                       -> (id int auto_increment key,
                                       -> idFactura int not null,
                                       -> idproducto int not null,
                                       -> cantidad int not null,
                                       -> constraint foreign key
                                       -> (idFactura) references
                                       -> factura(folio));
ERROR: 1064 (42000): You have an error in your SQL syntax; check the manual that corresponds to your MySQL server version for the right syntax to use near 'cerate table factura_detalle                          ^C
 MySQL  localhost:3306 ssl  tbd_e2  SQL > ^C
 MySQL  localhost:3306 ssl  tbd_e2  SQL > ^C
 MySQL  localhost:3306 ssl  tbd_e2  SQL > ^Crate table factura_detalle (id int auto_
 MySQL  localhost:3306 ssl  tbd_e2  SQL > ^Cducto int not null, cantidad int not nul
 MySQL  localhost:3306 ssl  tbd_e2  SQL > ^Cnces factura(folio));
 MySQL  localhost:3306 ssl  tbd_e2  SQL > create table factura_detalle(
                                       -> id int auto_increment key,
                                       -> idFactura int not null,
                                       -> idProducto int not null,
                                       -> cantidad int not null,
                                       -> constraint foreign key(idFactura)
                                       -> references factura(folio));
Query OK, 0 rows affected (0.0393 sec)
 MySQL  localhost:3306 ssl  tbd_e2  SQL > desc factura_detalle;
+------------+------+------+-----+---------+----------------+
| Field      | Type | Null | Key | Default | Extra          |
+------------+------+------+-----+---------+----------------+
| id         | int  | NO   | PRI | NULL    | auto_increment |
| idFactura  | int  | NO   | MUL | NULL    |                |
| idProducto | int  | NO   |     | NULL    |                |
| cantidad   | int  | NO   |     | NULL    |                |
+------------+------+------+-----+---------+----------------+
4 rows in set (0.0022 sec)
 MySQL  localhost:3306 ssl  tbd_e2  SQL > shoe create table factura_detalle;
ERROR: 1064 (42000): You have an error in your SQL syntax; check the manual that corresponds to your MySQL server version for the right syntax to use near 'shoe create table factura_detalle' at line 1
 MySQL  localhost:3306 ssl  tbd_e2  SQL > show create table factura_detalle;
+-----------------+-----------------------------------------------------------------------------------------------------------------------------------------------------------------------------------------------------------------------------------------------------------------------------------------------------------------------------------------------------------------------------------+
| Table           | Create Table



                                                      |
+-----------------+-----------------------------------------------------------------------------------------------------------------------------------------------------------------------------------------------------------------------------------------------------------------------------------------------------------------------------------------------------------------------------------+
| factura_detalle | CREATE TABLE `factura_detalle` (
  `id` int NOT NULL AUTO_INCREMENT,
  `idFactura` int NOT NULL,
  `idProducto` int NOT NULL,
  `cantidad` int NOT NULL,
  PRIMARY KEY (`id`),
  KEY `idFactura` (`idFactura`),
  CONSTRAINT `factura_detalle_ibfk_1` FOREIGN KEY (`idFactura`) REFERENCES `factura` (`folio`)
) ENGINE=InnoDB DEFAULT CHARSET=utf8mb4 COLLATE=utf8mb4_0900_ai_ci |
+-----------------+-----------------------------------------------------------------------------------------------------------------------------------------------------------------------------------------------------------------------------------------------------------------------------------------------------------------------------------------------------------------------------------+
1 row in set (0.0015 sec)
 MySQL  localhost:3306 ssl  tbd_e2  SQL > show create table factura_detalle;                               show create table factura_detalle                                show create table factura_detall                                 show create table factura_detal                                ^Cshow create table factura_deta      alter table factura_detalle  show create table factura_det                                    show create
 MySQL  localhost:3306 ssl  tbd_e2  SQL > ^Cter table factura_detallee factura_d                                      show create table factura_
 MySQL  localhost:3306 ssl  tbd_e2  SQL > ^Cter table factura_detall                                show create table factur
 MySQL  localhost:3306 ssl  tbd_e2  SQL > ^Cter table factura_detal               shoe create table factura_detalle;^C
 MySQL  localhost:3306 ssl  tbd_e2  SQL > ^Cter table factura_deta
 MySQL  localhost:3306 ssl  tbd_e2  SQL > alter table factura_detalle
                                       -> drop constraint factura_detalle_ibfk_1;
Query OK, 0 rows affected (0.0186 sec)

Records: 0  Duplicates: 0  Warnings: 0
 MySQL  localhost:3306 ssl  tbd_e2  SQL > alter table factura_detalle
                                       -> add constraint foreign key
                                       -> (idFactura) references
                                       -> factura(folio)
                                       -> on delete cascade
                                       -> on update cascade;
Query OK, 0 rows affected (0.1474 sec)

Records: 0  Duplicates: 0  Warnings: 0
 MySQL  localhost:3306 ssl  tbd_e2  SQL > show create table factura_detalle;
+-----------------+-----------------------------------------------------------------------------------------------------------------------------------------------------------------------------------------------------------------------------------------------------------------------------------------------------------------------------------------------------------------------------------------------------------------------+
| Table           | Create Table



                                                                      |
+-----------------+-----------------------------------------------------------------------------------------------------------------------------------------------------------------------------------------------------------------------------------------------------------------------------------------------------------------------------------------------------------------------------------------------------------------------+
| factura_detalle | CREATE TABLE `factura_detalle` (
  `id` int NOT NULL AUTO_INCREMENT,
  `idFactura` int NOT NULL,
  `idProducto` int NOT NULL,
  `cantidad` int NOT NULL,
  PRIMARY KEY (`id`),
  KEY `idFactura` (`idFactura`),
  CONSTRAINT `factura_detalle_ibfk_1` FOREIGN KEY (`idFactura`) REFERENCES `factura` (`folio`) ON DELETE CASCADE ON UPDATE CASCADE
) ENGINE=InnoDB DEFAULT CHARSET=utf8mb4 COLLATE=utf8mb4_0900_ai_ci |
+-----------------+-----------------------------------------------------------------------------------------------------------------------------------------------------------------------------------------------------------------------------------------------------------------------------------------------------------------------------------------------------------------------------------------------------------------------+
1 row in set (0.0012 sec)
 MySQL  localhost:3306 ssl  tbd_e2  SQL > select * from factura;
+-------+-----------+
| folio | idCliente |
+-------+-----------+
|    10 |         6 |
|    11 |         7 |
|    12 |         8 |
+-------+-----------+
3 rows in set (0.0019 sec)
 MySQL  localhost:3306 ssl  tbd_e2  SQL > desc factura_detalle;
+------------+------+------+-----+---------+----------------+
| Field      | Type | Null | Key | Default | Extra          |
+------------+------+------+-----+---------+----------------+
| id         | int  | NO   | PRI | NULL    | auto_increment |
| idFactura  | int  | NO   | MUL | NULL    |                |
| idProducto | int  | NO   |     | NULL    |                |
| cantidad   | int  | NO   |     | NULL    |                |
+------------+------+------+-----+---------+----------------+
4 rows in set (0.0023 sec)
 MySQL  localhost:3306 ssl  tbd_e2  SQL > insert into factura_detalle(idFactura,
                                       -> idProducto, cantidad)
                                       -> values(8,1,3),(9,2,10),(10,3,7);
ERROR: 1452 (23000): Cannot add or update a child row: a foreign key constraint fails (`tbd_e2`.`factura_detalle`, CONSTRAINT `factura_detalle_ibfk_1` FOREIGN KEY (`idFactura`) REFERENCES `factura` (`folio`) ON DELETE CASCADE ON UPDATE CASCADE)
 MySQL  localhost:3306 ssl  tbd_e2  SQL > insert into factura_detalle
                                       -> (idFactura,idProducto,cantidad)
                                       -> values
                                       -> (8,1,3), (9, 2, 10), (10, 3, 7);
ERROR: 1452 (23000): Cannot add or update a child row: a foreign key constraint fails (`tbd_e2`.`factura_detalle`, CONSTRAINT `factura_detalle_ibfk_1` FOREIGN KEY (`idFactura`) REFERENCES `factura` (`folio`) ON DELETE CASCADE ON UPDATE CASCADE)
 MySQL  localhost:3306 ssl  tbd_e2  SQL > insert into factura_detalle (idFactura,idProducto,cantidad) values (10,1,3), (11, 2, 10), (11, 3, 7);
Query OK, 3 rows affected (0.0059 sec)

Records: 3  Duplicates: 0  Warnings: 0
 MySQL  localhost:3306 ssl  tbd_e2  SQL > select * from factura_detalle;
+----+-----------+------------+----------+
| id | idFactura | idProducto | cantidad |
+----+-----------+------------+----------+
|  7 |        10 |          1 |        3 |
|  8 |        11 |          2 |       10 |
|  9 |        11 |          3 |        7 |
+----+-----------+------------+----------+
3 rows in set (0.0008 sec)
 MySQL  localhost:3306 ssl  tbd_e2  SQL > select * from factura;
+-------+-----------+
| folio | idCliente |
+-------+-----------+
|    10 |         6 |
|    11 |         7 |
|    12 |         8 |
+-------+-----------+
3 rows in set (0.0006 sec)
 MySQL  localhost:3306 ssl  tbd_e2  SQL > select * from factura where folio=10;
+-------+-----------+
| folio | idCliente |
+-------+-----------+
|    10 |         6 |
+-------+-----------+
1 row in set (0.0011 sec)
 MySQL  localhost:3306 ssl  tbd_e2  SQL > select * from cliente where id=6;
+----+--------+----------+---------------+
| id | nombre | apellido | rfc           |
+----+--------+----------+---------------+
|  6 | fidel  | castro   | fdc1234rftlsd |
+----+--------+----------+---------------+
1 row in set (0.0019 sec)
 MySQL  localhost:3306 ssl  tbd_e2  SQL > update cliente
                                       -> set =20
                                       -> ^C
 MySQL  localhost:3306 ssl  tbd_e2  SQL > update cliente
                                       -> set id=20 where id=6;
Query OK, 1 row affected (0.0069 sec)

Rows matched: 1  Changed: 1  Warnings: 0
 MySQL  localhost:3306 ssl  tbd_e2  SQL > select * from factura;
+-------+-----------+
| folio | idCliente |
+-------+-----------+
|    11 |         7 |
|    12 |         8 |
|    10 |        20 |
+-------+-----------+
3 rows in set (0.0008 sec)
 MySQL  localhost:3306 ssl  tbd_e2  SQL > select * from factura_detalle where
                                       -> idFactura =11;
+----+-----------+------------+----------+
| id | idFactura | idProducto | cantidad |
+----+-----------+------------+----------+
|  8 |        11 |          2 |       10 |
|  9 |        11 |          3 |        7 |
+----+-----------+------------+----------+
2 rows in set (0.0007 sec)
 MySQL  localhost:3306 ssl  tbd_e2  SQL > update factura_detalle
                                       -> ^C
 MySQL  localhost:3306 ssl  tbd_e2  SQL > update factura_detalle
                                       -> set idFactura=12
                                       -> where id=8;
Query OK, 1 row affected (0.0064 sec)

Rows matched: 1  Changed: 1  Warnings: 0
 MySQL  localhost:3306 ssl  tbd_e2  SQL > select * from factura;
+-------+-----------+
| folio | idCliente |
+-------+-----------+
|    11 |         7 |
|    12 |         8 |
|    10 |        20 |
+-------+-----------+
3 rows in set (0.0008 sec)
 MySQL  localhost:3306 ssl  tbd_e2  SQL > select * from factura_detalle;
+----+-----------+------------+----------+
| id | idFactura | idProducto | cantidad |
+----+-----------+------------+----------+
|  7 |        10 |          1 |        3 |
|  8 |        12 |          2 |       10 |
|  9 |        11 |          3 |        7 |
+----+-----------+------------+----------+
3 rows in set (0.0006 sec)
 MySQL  localhost:3306 ssl  tbd_e2  SQL > select * from factura;
+-------+-----------+
| folio | idCliente |
+-------+-----------+
|    11 |         7 |
|    12 |         8 |
|    10 |        20 |
+-------+-----------+
3 rows in set (0.0008 sec)
 MySQL  localhost:3306 ssl  tbd_e2  SQL > select *from factura_detalle where id=11;
Empty set (0.0008 sec)
 MySQL  localhost:3306 ssl  tbd_e2  SQL > select *from factura_detalle where idFactura=11;
+----+-----------+------------+----------+
| id | idFactura | idProducto | cantidad |
+----+-----------+------------+----------+
|  9 |        11 |          3 |        7 |
+----+-----------+------------+----------+
1 row in set (0.0006 sec)
 MySQL  localhost:3306 ssl  tbd_e2  SQL > delete from cliente where id=20;
Query OK, 1 row affected (0.0065 sec)
 MySQL  localhost:3306 ssl  tbd_e2  SQL > select *from factura_detalle;
+----+-----------+------------+----------+
| id | idFactura | idProducto | cantidad |
+----+-----------+------------+----------+
|  8 |        12 |          2 |       10 |
|  9 |        11 |          3 |        7 |
+----+-----------+------------+----------+
2 rows in set (0.0007 sec)
 MySQL  localhost:3306 ssl  tbd_e2  SQL > select * from factura;
+-------+-----------+
| folio | idCliente |
+-------+-----------+
|    11 |         7 |
|    12 |         8 |
+-------+-----------+
2 rows in set (0.0009 sec)
 MySQL  localhost:3306 ssl  tbd_e2  SQL > crete table producto(
                                       -> id int key auto_increment,
                                       -> nombre varchar(50) not null,
                                       -> precio decimal(10,2) not null);
ERROR: 1064 (42000): You have an error in your SQL syntax; check the manual that corresponds to your MySQL server version for the right syntax to use near 'crete table producto(
id int key auto_increment,
nombre varchar(50) not null,
pr' at line 1
 MySQL  localhost:3306 ssl  tbd_e2  SQL > create table producto( id int key auto_increment, nombre varchar(50) not null, precio decimal(10,2) not null);
Query OK, 0 rows affected (0.0388 sec)
 MySQL  localhost:3306 ssl  tbd_e2  SQL > insert into producto(nombre,precio)values
                                       -> ("elote",20), ("nachos",50), ("iphone",25);
Query OK, 3 rows affected (0.0261 sec)

Records: 3  Duplicates: 0  Warnings: 0
 MySQL  localhost:3306 ssl  tbd_e2  SQL > alter table factura_detalle add
                                       -> constraint foreign key
                                       -> (idProducto)reference  producto(id)
                                       -> on update cascade
                                       -> on delete cascade;
ERROR: 1064 (42000): You have an error in your SQL syntax; check the manual that corresponds to your MySQL server version for the right syntax to use near 'reference  producto(id)
on update cascade
on delete cascade' at line 3
 MySQL  localhost:3306 ssl  tbd_e2  SQL > alter table factura_detalle add constraint foreign key (idProducto)reference  producto(id) on delete cascade on update cascade;
ERROR: 1064 (42000): You have an error in your SQL syntax; check the manual that corresponds to your MySQL server version for the right syntax to use near 'reference  producto(id) on delete cascade on update cascade' at line 1
 MySQL  localhost:3306 ssl  tbd_e2  SQL > alter table factura_detalle
                                       -> add constraint foreign key(idProducto)
                                       -> references producto(id)
                                       -> ondelete cascade
                                       -> ^C
 MySQL  localhost:3306 ssl  tbd_e2  SQL > alter table factura_detalle
                                       -> add constraint foreign key(idProducto)
                                       -> references producto(id)
                                       -> on delete cascade
                                       -> on update cascade;
Query OK, 2 rows affected (0.0740 sec)

Records: 2  Duplicates: 0  Warnings: 0
 MySQL  localhost:3306 ssl  tbd_e2  SQL > select * from producto;
+----+--------+--------+
| id | nombre | precio |
+----+--------+--------+
|  1 | elote  |  20.00 |
|  2 | nachos |  50.00 |
|  3 | iphone |  25.00 |
+----+--------+--------+
3 rows in set (0.0019 sec)
 MySQL  localhost:3306 ssl  tbd_e2  SQL > select * from factura;
+-------+-----------+
| folio | idCliente |
+-------+-----------+
|    11 |         7 |
|    12 |         8 |
+-------+-----------+
2 rows in set (0.0005 sec)
 MySQL  localhost:3306 ssl  tbd_e2  SQL > desc factura_detalle;
+------------+------+------+-----+---------+----------------+
| Field      | Type | Null | Key | Default | Extra          |
+------------+------+------+-----+---------+----------------+
| id         | int  | NO   | PRI | NULL    | auto_increment |
| idFactura  | int  | NO   | MUL | NULL    |                |
| idProducto | int  | NO   | MUL | NULL    |                |
| cantidad   | int  | NO   |     | NULL    |                |
+------------+------+------+-----+---------+----------------+
4 rows in set (0.0045 sec)
 MySQL  localhost:3306 ssl  tbd_e2  SQL > insert into factura_detalle(idFactura,idProducto,cantidad)
                                       -> values (11,1,5), (12,2,60), (11,3,100);
Query OK, 3 rows affected (0.0074 sec)

Records: 3  Duplicates: 0  Warnings: 0
 MySQL  localhost:3306 ssl  tbd_e2  SQL > select *from factura_detalle;
+----+-----------+------------+----------+
| id | idFactura | idProducto | cantidad |
+----+-----------+------------+----------+
|  8 |        12 |          2 |       10 |
|  9 |        11 |          3 |        7 |
| 10 |        11 |          1 |        5 |
| 11 |        12 |          2 |       60 |
| 12 |        11 |          3 |      100 |
+----+-----------+------------+----------+
5 rows in set (0.0008 sec)
 MySQL  localhost:3306 ssl  tbd_e2  SQL > delete from factura_detalle;
Query OK, 5 rows affected (0.0056 sec)
 MySQL  localhost:3306 ssl  tbd_e2  SQL > insert into factura_detalle(idFactura,
                                       -> idProducto, cantidad) values
                                       -> (11, 1,5), (12,2,60), (11,3,100);
Query OK, 3 rows affected (0.0067 sec)

Records: 3  Duplicates: 0  Warnings: 0
 MySQL  localhost:3306 ssl  tbd_e2  SQL > insert into factura_detalle(idFactura, idProducto, cantidad) values (12, 1,3), (11,2,10), (12,3,7);
Query OK, 3 rows affected (0.0061 sec)

Records: 3  Duplicates: 0  Warnings: 0
 MySQL  localhost:3306 ssl  tbd_e2  SQL > delete from producto where id=3;
Query OK, 1 row affected (0.0083 sec)
 MySQL  localhost:3306 ssl  tbd_e2  SQL > select * from factura_detalle;
+----+-----------+------------+----------+
| id | idFactura | idProducto | cantidad |
+----+-----------+------------+----------+
| 13 |        11 |          1 |        5 |
| 14 |        12 |          2 |       60 |
| 16 |        12 |          1 |        3 |
| 17 |        11 |          2 |       10 |
+----+-----------+------------+----------+
4 rows in set (0.0008 sec)
 MySQL  localhost:3306 ssl  tbd_e2  SQL >